16:05:44 **** Incremental Build of configuration Debug for project Prog_RufusV1.0 ****
make all 
Building file: ../Src/controle.c
Invoking: MCU GCC Compiler
C:\Users\mateu\Desktop\Rufus\Rufus\Prog_RufusV1.0\Debug
arm-none-eabi-gcc -mcpu=cortex-m0 -mthumb -mfloat-abi=soft '-D__weak=__attribute__((weak))' '-D__packed=__attribute__((__packed__))' -DUSE_HAL_DRIVER -DSTM32F030x6 -I"C:/Users/mateu/Desktop/Rufus/Rufus/Prog_RufusV1.0/Inc" -I"C:/Users/mateu/Desktop/Rufus/Rufus/Prog_RufusV1.0/Drivers/STM32F0xx_HAL_Driver/Inc" -I"C:/Users/mateu/Desktop/Rufus/Rufus/Prog_RufusV1.0/Drivers/STM32F0xx_HAL_Driver/Inc/Legacy" -I"C:/Users/mateu/Desktop/Rufus/Rufus/Prog_RufusV1.0/Drivers/CMSIS/Device/ST/STM32F0xx/Include" -I"C:/Users/mateu/Desktop/Rufus/Rufus/Prog_RufusV1.0/Drivers/CMSIS/Include"  -Og -g3 -Wall -fmessage-length=0 -ffunction-sections -c -fmessage-length=0 -MMD -MP -MF"Src/controle.d" -MT"Src/controle.o" -o "Src/controle.o" "../Src/controle.c"
Finished building: ../Src/controle.c
 
Building target: Prog_RufusV1.0.elf
Invoking: MCU GCC Linker
arm-none-eabi-gcc -mcpu=cortex-m0 -mthumb -mfloat-abi=soft -specs=nosys.specs -specs=nano.specs -T"../STM32F030C6Tx_FLASH.ld" -Wl,-Map=output.map -Wl,--gc-sections -o "Prog_RufusV1.0.elf" @"objects.list"   -lm
Finished building target: Prog_RufusV1.0.elf
 
make --no-print-directory post-build
Generating hex and Printing size information:
arm-none-eabi-objcopy -O ihex "Prog_RufusV1.0.elf" "Prog_RufusV1.0.hex"
arm-none-eabi-size "Prog_RufusV1.0.elf"
   text	   data	    bss	    dec	    hex	filename
  19412	     12	   2508	  21932	   55ac	Prog_RufusV1.0.elf
 

16:05:50 Build Finished (took 6s.246ms)

